Archive member included because of file (symbol)

c:/program files (x86)/atmel/avr studio 5.0/avr toolchain/bin/../lib/gcc/avr/4.5.1/avr25\libgcc.a(_mulhi3.o)
                              N64 Stick Converter PCB v2.1.o (__mulhi3)
c:/program files (x86)/atmel/avr studio 5.0/avr toolchain/bin/../lib/gcc/avr/4.5.1/avr25\libgcc.a(_udivmodhi4.o)
                              N64 Stick Converter PCB v2.1.o (__udivmodhi4)
c:/program files (x86)/atmel/avr studio 5.0/avr toolchain/bin/../lib/gcc/avr/4.5.1/avr25\libgcc.a(_exit.o)
                              c:/program files (x86)/atmel/avr studio 5.0/avr toolchain/bin/../lib/gcc/avr/4.5.1/../../../../avr/lib/avr25/crttn24a.o (exit)
c:/program files (x86)/atmel/avr studio 5.0/avr toolchain/bin/../lib/gcc/avr/4.5.1/../../../../avr/lib/avr25\libc.a(eerd_byte_attiny24a.o)
                              N64 Stick Converter PCB v2.1.o (__eerd_byte_tn24a)
c:/program files (x86)/atmel/avr studio 5.0/avr toolchain/bin/../lib/gcc/avr/4.5.1/../../../../avr/lib/avr25\libc.a(eerd_word_attiny24a.o)
                              N64 Stick Converter PCB v2.1.o (__eerd_word_tn24a)
c:/program files (x86)/atmel/avr studio 5.0/avr toolchain/bin/../lib/gcc/avr/4.5.1/../../../../avr/lib/avr25\libc.a(eewr_byte_attiny24a.o)
                              N64 Stick Converter PCB v2.1.o (__eewr_byte_tn24a)
c:/program files (x86)/atmel/avr studio 5.0/avr toolchain/bin/../lib/gcc/avr/4.5.1/../../../../avr/lib/avr25\libc.a(eewr_word_attiny24a.o)
                              N64 Stick Converter PCB v2.1.o (__eewr_word_tn24a)
c:/program files (x86)/atmel/avr studio 5.0/avr toolchain/bin/../lib/gcc/avr/4.5.1/../../../../avr/lib/avr25\libc.a(eerd_block_attiny24a.o)
                              c:/program files (x86)/atmel/avr studio 5.0/avr toolchain/bin/../lib/gcc/avr/4.5.1/../../../../avr/lib/avr25\libc.a(eerd_word_attiny24a.o) (__eerd_blraw_tn24a)

Memory Configuration

Name             Origin             Length             Attributes
text             0x00000000         0x00002000         xr
data             0x00800060         0x0000ffa0         rw !x
eeprom           0x00810000         0x00010000         rw !x
fuse             0x00820000         0x00000400         rw !x
lock             0x00830000         0x00000400         rw !x
signature        0x00840000         0x00000400         rw !x
*default*        0x00000000         0xffffffff

Linker script and memory map

LOAD c:/program files (x86)/atmel/avr studio 5.0/avr toolchain/bin/../lib/gcc/avr/4.5.1/../../../../avr/lib/avr25/crttn24a.o
LOAD N64 Stick Converter PCB v2.1.o
LOAD c:/program files (x86)/atmel/avr studio 5.0/avr toolchain/bin/../lib/gcc/avr/4.5.1/avr25\libgcc.a
LOAD c:/program files (x86)/atmel/avr studio 5.0/avr toolchain/bin/../lib/gcc/avr/4.5.1/../../../../avr/lib/avr25\libc.a
LOAD c:/program files (x86)/atmel/avr studio 5.0/avr toolchain/bin/../lib/gcc/avr/4.5.1/avr25\libgcc.a

.hash
 *(.hash)

.dynsym
 *(.dynsym)

.dynstr
 *(.dynstr)

.gnu.version
 *(.gnu.version)

.gnu.version_d
 *(.gnu.version_d)

.gnu.version_r
 *(.gnu.version_r)

.rel.init
 *(.rel.init)

.rela.init
 *(.rela.init)

.rel.text
 *(.rel.text)
 *(.rel.text.*)
 *(.rel.gnu.linkonce.t*)

.rela.text
 *(.rela.text)
 *(.rela.text.*)
 *(.rela.gnu.linkonce.t*)

.rel.fini
 *(.rel.fini)

.rela.fini
 *(.rela.fini)

.rel.rodata
 *(.rel.rodata)
 *(.rel.rodata.*)
 *(.rel.gnu.linkonce.r*)

.rela.rodata
 *(.rela.rodata)
 *(.rela.rodata.*)
 *(.rela.gnu.linkonce.r*)

.rel.data
 *(.rel.data)
 *(.rel.data.*)
 *(.rel.gnu.linkonce.d*)

.rela.data
 *(.rela.data)
 *(.rela.data.*)
 *(.rela.gnu.linkonce.d*)

.rel.ctors
 *(.rel.ctors)

.rela.ctors
 *(.rela.ctors)

.rel.dtors
 *(.rel.dtors)

.rela.dtors
 *(.rela.dtors)

.rel.got
 *(.rel.got)

.rela.got
 *(.rela.got)

.rel.bss
 *(.rel.bss)

.rela.bss
 *(.rela.bss)

.rel.plt
 *(.rel.plt)

.rela.plt
 *(.rela.plt)

.text           0x00000000      0x6e8
 *(.vectors)
 .vectors       0x00000000       0x22 c:/program files (x86)/atmel/avr studio 5.0/avr toolchain/bin/../lib/gcc/avr/4.5.1/../../../../avr/lib/avr25/crttn24a.o
                0x00000000                __vector_default
                0x00000000                __vectors
 *(.vectors)
 *(.progmem.gcc*)
 *(.progmem*)
                0x00000022                . = ALIGN (0x2)
                0x00000022                __trampolines_start = .
 *(.trampolines)
 .trampolines   0x00000022        0x0 linker stubs
 *(.trampolines*)
                0x00000022                __trampolines_end = .
 *(.jumptables)
 *(.jumptables*)
 *(.lowtext)
 *(.lowtext*)
                0x00000022                __ctors_start = .
 *(.ctors)
                0x00000022                __ctors_end = .
                0x00000022                __dtors_start = .
 *(.dtors)
                0x00000022                __dtors_end = .
 SORT(*)(.ctors)
 SORT(*)(.dtors)
 *(.init0)
 .init0         0x00000022        0x0 c:/program files (x86)/atmel/avr studio 5.0/avr toolchain/bin/../lib/gcc/avr/4.5.1/../../../../avr/lib/avr25/crttn24a.o
                0x00000022                __init
 *(.init0)
 *(.init1)
 *(.init1)
 *(.init2)
 .init2         0x00000022        0x8 c:/program files (x86)/atmel/avr studio 5.0/avr toolchain/bin/../lib/gcc/avr/4.5.1/../../../../avr/lib/avr25/crttn24a.o
 *(.init2)
 *(.init3)
 *(.init3)
 *(.init4)
 *(.init4)
 *(.init5)
 *(.init5)
 *(.init6)
 *(.init6)
 *(.init7)
 *(.init7)
 *(.init8)
 *(.init8)
 *(.init9)
 .init9         0x0000002a        0x4 c:/program files (x86)/atmel/avr studio 5.0/avr toolchain/bin/../lib/gcc/avr/4.5.1/../../../../avr/lib/avr25/crttn24a.o
 *(.init9)
 *(.text)
 .text          0x0000002e        0x2 c:/program files (x86)/atmel/avr studio 5.0/avr toolchain/bin/../lib/gcc/avr/4.5.1/../../../../avr/lib/avr25/crttn24a.o
                0x0000002e                __vector_1
                0x0000002e                __vector_12
                0x0000002e                __bad_interrupt
                0x0000002e                __vector_6
                0x0000002e                __vector_3
                0x0000002e                __vector_11
                0x0000002e                __vector_13
                0x0000002e                __vector_7
                0x0000002e                __vector_5
                0x0000002e                __vector_4
                0x0000002e                __vector_9
                0x0000002e                __vector_2
                0x0000002e                __vector_15
                0x0000002e                __vector_8
                0x0000002e                __vector_14
                0x0000002e                __vector_10
                0x0000002e                __vector_16
 .text          0x00000030      0x612 N64 Stick Converter PCB v2.1.o
                0x00000030                GetX
                0x00000042                GetY
                0x00000052                RotateLeft
                0x00000060                RotateRight
                0x0000006e                Calibration
                0x000002b8                main
                0x00000634                ScaleDown
 .text          0x00000642        0x0 c:/program files (x86)/atmel/avr studio 5.0/avr toolchain/bin/../lib/gcc/avr/4.5.1/avr25\libgcc.a(_mulhi3.o)
 .text          0x00000642        0x0 c:/program files (x86)/atmel/avr studio 5.0/avr toolchain/bin/../lib/gcc/avr/4.5.1/avr25\libgcc.a(_udivmodhi4.o)
 .text          0x00000642        0x0 c:/program files (x86)/atmel/avr studio 5.0/avr toolchain/bin/../lib/gcc/avr/4.5.1/avr25\libgcc.a(_exit.o)
 .text          0x00000642        0x0 c:/program files (x86)/atmel/avr studio 5.0/avr toolchain/bin/../lib/gcc/avr/4.5.1/../../../../avr/lib/avr25\libc.a(eerd_byte_attiny24a.o)
 .text          0x00000642        0x0 c:/program files (x86)/atmel/avr studio 5.0/avr toolchain/bin/../lib/gcc/avr/4.5.1/../../../../avr/lib/avr25\libc.a(eerd_word_attiny24a.o)
 .text          0x00000642        0x0 c:/program files (x86)/atmel/avr studio 5.0/avr toolchain/bin/../lib/gcc/avr/4.5.1/../../../../avr/lib/avr25\libc.a(eewr_byte_attiny24a.o)
 .text          0x00000642        0x0 c:/program files (x86)/atmel/avr studio 5.0/avr toolchain/bin/../lib/gcc/avr/4.5.1/../../../../avr/lib/avr25\libc.a(eewr_word_attiny24a.o)
 .text          0x00000642        0x0 c:/program files (x86)/atmel/avr studio 5.0/avr toolchain/bin/../lib/gcc/avr/4.5.1/../../../../avr/lib/avr25\libc.a(eerd_block_attiny24a.o)
                0x00000642                . = ALIGN (0x2)
 *(.text.*)
 .text.libgcc   0x00000642       0x24 c:/program files (x86)/atmel/avr studio 5.0/avr toolchain/bin/../lib/gcc/avr/4.5.1/avr25\libgcc.a(_mulhi3.o)
                0x00000642                __mulhi3
 .text.libgcc   0x00000666       0x28 c:/program files (x86)/atmel/avr studio 5.0/avr toolchain/bin/../lib/gcc/avr/4.5.1/avr25\libgcc.a(_udivmodhi4.o)
                0x00000666                __udivmodhi4
 .text.libgcc   0x0000068e        0x0 c:/program files (x86)/atmel/avr studio 5.0/avr toolchain/bin/../lib/gcc/avr/4.5.1/avr25\libgcc.a(_exit.o)
 .text.avr-libc
                0x0000068e       0x10 c:/program files (x86)/atmel/avr studio 5.0/avr toolchain/bin/../lib/gcc/avr/4.5.1/../../../../avr/lib/avr25\libc.a(eerd_byte_attiny24a.o)
                0x0000068e                __eerd_byte_tn24a
 .text.avr-libc
                0x0000069e        0x6 c:/program files (x86)/atmel/avr studio 5.0/avr toolchain/bin/../lib/gcc/avr/4.5.1/../../../../avr/lib/avr25\libc.a(eerd_word_attiny24a.o)
                0x0000069e                __eerd_word_tn24a
 .text.avr-libc
                0x000006a4       0x1c c:/program files (x86)/atmel/avr studio 5.0/avr toolchain/bin/../lib/gcc/avr/4.5.1/../../../../avr/lib/avr25\libc.a(eewr_byte_attiny24a.o)
                0x000006a4                __eewr_byte_tn24a
                0x000006a6                __eewr_r18_tn24a
 .text.avr-libc
                0x000006c0        0x6 c:/program files (x86)/atmel/avr studio 5.0/avr toolchain/bin/../lib/gcc/avr/4.5.1/../../../../avr/lib/avr25\libc.a(eewr_word_attiny24a.o)
                0x000006c0                __eewr_word_tn24a
 .text.avr-libc
                0x000006c6       0x1e c:/program files (x86)/atmel/avr studio 5.0/avr toolchain/bin/../lib/gcc/avr/4.5.1/../../../../avr/lib/avr25\libc.a(eerd_block_attiny24a.o)
                0x000006c6                __eerd_block_tn24a
                0x000006ca                __eerd_blraw_tn24a
                0x000006e4                . = ALIGN (0x2)
 *(.fini9)
 .fini9         0x000006e4        0x0 c:/program files (x86)/atmel/avr studio 5.0/avr toolchain/bin/../lib/gcc/avr/4.5.1/avr25\libgcc.a(_exit.o)
                0x000006e4                _exit
                0x000006e4                exit
 *(.fini9)
 *(.fini8)
 *(.fini8)
 *(.fini7)
 *(.fini7)
 *(.fini6)
 *(.fini6)
 *(.fini5)
 *(.fini5)
 *(.fini4)
 *(.fini4)
 *(.fini3)
 *(.fini3)
 *(.fini2)
 *(.fini2)
 *(.fini1)
 *(.fini1)
 *(.fini0)
 .fini0         0x000006e4        0x4 c:/program files (x86)/atmel/avr studio 5.0/avr toolchain/bin/../lib/gcc/avr/4.5.1/avr25\libgcc.a(_exit.o)
 *(.fini0)
                0x000006e8                _etext = .

.data           0x00800060        0x0 load address 0x000006e8
                0x00800060                PROVIDE (__data_start, .)
 *(.data)
 .data          0x00800060        0x0 c:/program files (x86)/atmel/avr studio 5.0/avr toolchain/bin/../lib/gcc/avr/4.5.1/../../../../avr/lib/avr25/crttn24a.o
 .data          0x00800060        0x0 N64 Stick Converter PCB v2.1.o
 .data          0x00800060        0x0 c:/program files (x86)/atmel/avr studio 5.0/avr toolchain/bin/../lib/gcc/avr/4.5.1/avr25\libgcc.a(_mulhi3.o)
 .data          0x00800060        0x0 c:/program files (x86)/atmel/avr studio 5.0/avr toolchain/bin/../lib/gcc/avr/4.5.1/avr25\libgcc.a(_udivmodhi4.o)
 .data          0x00800060        0x0 c:/program files (x86)/atmel/avr studio 5.0/avr toolchain/bin/../lib/gcc/avr/4.5.1/avr25\libgcc.a(_exit.o)
 .data          0x00800060        0x0 c:/program files (x86)/atmel/avr studio 5.0/avr toolchain/bin/../lib/gcc/avr/4.5.1/../../../../avr/lib/avr25\libc.a(eerd_byte_attiny24a.o)
 .data          0x00800060        0x0 c:/program files (x86)/atmel/avr studio 5.0/avr toolchain/bin/../lib/gcc/avr/4.5.1/../../../../avr/lib/avr25\libc.a(eerd_word_attiny24a.o)
 .data          0x00800060        0x0 c:/program files (x86)/atmel/avr studio 5.0/avr toolchain/bin/../lib/gcc/avr/4.5.1/../../../../avr/lib/avr25\libc.a(eewr_byte_attiny24a.o)
 .data          0x00800060        0x0 c:/program files (x86)/atmel/avr studio 5.0/avr toolchain/bin/../lib/gcc/avr/4.5.1/../../../../avr/lib/avr25\libc.a(eewr_word_attiny24a.o)
 .data          0x00800060        0x0 c:/program files (x86)/atmel/avr studio 5.0/avr toolchain/bin/../lib/gcc/avr/4.5.1/../../../../avr/lib/avr25\libc.a(eerd_block_attiny24a.o)
 *(.data*)
 *(.rodata)
 *(.rodata*)
 *(.gnu.linkonce.d*)
                0x00800060                . = ALIGN (0x2)
                0x00800060                _edata = .
                0x00800060                PROVIDE (__data_end, .)

.bss            0x00800060        0x0
                0x00800060                PROVIDE (__bss_start, .)
 *(.bss)
 .bss           0x00800060        0x0 c:/program files (x86)/atmel/avr studio 5.0/avr toolchain/bin/../lib/gcc/avr/4.5.1/../../../../avr/lib/avr25/crttn24a.o
 .bss           0x00800060        0x0 N64 Stick Converter PCB v2.1.o
 .bss           0x00800060        0x0 c:/program files (x86)/atmel/avr studio 5.0/avr toolchain/bin/../lib/gcc/avr/4.5.1/avr25\libgcc.a(_mulhi3.o)
 .bss           0x00800060        0x0 c:/program files (x86)/atmel/avr studio 5.0/avr toolchain/bin/../lib/gcc/avr/4.5.1/avr25\libgcc.a(_udivmodhi4.o)
 .bss           0x00800060        0x0 c:/program files (x86)/atmel/avr studio 5.0/avr toolchain/bin/../lib/gcc/avr/4.5.1/avr25\libgcc.a(_exit.o)
 .bss           0x00800060        0x0 c:/program files (x86)/atmel/avr studio 5.0/avr toolchain/bin/../lib/gcc/avr/4.5.1/../../../../avr/lib/avr25\libc.a(eerd_byte_attiny24a.o)
 .bss           0x00800060        0x0 c:/program files (x86)/atmel/avr studio 5.0/avr toolchain/bin/../lib/gcc/avr/4.5.1/../../../../avr/lib/avr25\libc.a(eerd_word_attiny24a.o)
 .bss           0x00800060        0x0 c:/program files (x86)/atmel/avr studio 5.0/avr toolchain/bin/../lib/gcc/avr/4.5.1/../../../../avr/lib/avr25\libc.a(eewr_byte_attiny24a.o)
 .bss           0x00800060        0x0 c:/program files (x86)/atmel/avr studio 5.0/avr toolchain/bin/../lib/gcc/avr/4.5.1/../../../../avr/lib/avr25\libc.a(eewr_word_attiny24a.o)
 .bss           0x00800060        0x0 c:/program files (x86)/atmel/avr studio 5.0/avr toolchain/bin/../lib/gcc/avr/4.5.1/../../../../avr/lib/avr25\libc.a(eerd_block_attiny24a.o)
 *(.bss*)
 *(COMMON)
                0x00800060                PROVIDE (__bss_end, .)
                0x000006e8                __data_load_start = LOADADDR (.data)
                0x000006e8                __data_load_end = (__data_load_start + SIZEOF (.data))

.noinit         0x00800060        0x0
                0x00800060                PROVIDE (__noinit_start, .)
 *(.noinit*)
                0x00800060                PROVIDE (__noinit_end, .)
                0x00800060                _end = .
                0x00800060                PROVIDE (__heap_start, .)

.eeprom         0x00810000        0xd
 *(.eeprom*)
 .eeprom        0x00810000        0xd N64 Stick Converter PCB v2.1.o
                0x00810000                calibrationStep
                0x00810001                dx
                0x00810002                dy
                0x00810003                cx
                0x00810004                cy
                0x00810005                leftToNeutral
                0x00810007                upToNeutral
                0x00810009                xAbsolute
                0x0081000b                yAbsolute
                0x0081000d                __eeprom_end = .

.fuse
 *(.fuse)
 *(.lfuse)
 *(.hfuse)
 *(.efuse)

.lock
 *(.lock*)

.signature
 *(.signature*)

.stab           0x00000000      0x9c0
 *(.stab)
 .stab          0x00000000      0x6b4 c:/program files (x86)/atmel/avr studio 5.0/avr toolchain/bin/../lib/gcc/avr/4.5.1/../../../../avr/lib/avr25/crttn24a.o
 .stab          0x000006b4       0x90 c:/program files (x86)/atmel/avr studio 5.0/avr toolchain/bin/../lib/gcc/avr/4.5.1/../../../../avr/lib/avr25\libc.a(eerd_byte_attiny24a.o)
                                 0x9c (size before relaxing)
 .stab          0x00000744       0x54 c:/program files (x86)/atmel/avr studio 5.0/avr toolchain/bin/../lib/gcc/avr/4.5.1/../../../../avr/lib/avr25\libc.a(eerd_word_attiny24a.o)
                                 0x60 (size before relaxing)
 .stab          0x00000798       0xe4 c:/program files (x86)/atmel/avr studio 5.0/avr toolchain/bin/../lib/gcc/avr/4.5.1/../../../../avr/lib/avr25\libc.a(eewr_byte_attiny24a.o)
                                 0xf0 (size before relaxing)
 .stab          0x0000087c       0x54 c:/program files (x86)/atmel/avr studio 5.0/avr toolchain/bin/../lib/gcc/avr/4.5.1/../../../../avr/lib/avr25\libc.a(eewr_word_attiny24a.o)
                                 0x60 (size before relaxing)
 .stab          0x000008d0       0xf0 c:/program files (x86)/atmel/avr studio 5.0/avr toolchain/bin/../lib/gcc/avr/4.5.1/../../../../avr/lib/avr25\libc.a(eerd_block_attiny24a.o)
                                 0xfc (size before relaxing)

.stabstr        0x00000000      0x275
 *(.stabstr)
 .stabstr       0x00000000      0x275 c:/program files (x86)/atmel/avr studio 5.0/avr toolchain/bin/../lib/gcc/avr/4.5.1/../../../../avr/lib/avr25/crttn24a.o

.stab.excl
 *(.stab.excl)

.stab.exclstr
 *(.stab.exclstr)

.stab.index
 *(.stab.index)

.stab.indexstr
 *(.stab.indexstr)

.comment
 *(.comment)

.debug
 *(.debug)

.line
 *(.line)

.debug_srcinfo
 *(.debug_srcinfo)

.debug_sfnames
 *(.debug_sfnames)

.debug_aranges  0x00000000       0x20
 *(.debug_aranges)
 .debug_aranges
                0x00000000       0x20 N64 Stick Converter PCB v2.1.o

.debug_pubnames
                0x00000000       0xd8
 *(.debug_pubnames)
 .debug_pubnames
                0x00000000       0xd8 N64 Stick Converter PCB v2.1.o

.debug_info     0x00000000      0x7a9
 *(.debug_info)
 .debug_info    0x00000000      0x7a9 N64 Stick Converter PCB v2.1.o
 *(.gnu.linkonce.wi.*)

.debug_abbrev   0x00000000      0x26a
 *(.debug_abbrev)
 .debug_abbrev  0x00000000      0x26a N64 Stick Converter PCB v2.1.o

.debug_line     0x00000000      0x95d
 *(.debug_line)
 .debug_line    0x00000000      0x95d N64 Stick Converter PCB v2.1.o

.debug_frame    0x00000000       0x80
 *(.debug_frame)
 .debug_frame   0x00000000       0x80 N64 Stick Converter PCB v2.1.o

.debug_str      0x00000000      0x278
 *(.debug_str)
 .debug_str     0x00000000      0x278 N64 Stick Converter PCB v2.1.o
                                0x2b4 (size before relaxing)

.debug_loc      0x00000000      0x90d
 *(.debug_loc)
 .debug_loc     0x00000000      0x90d N64 Stick Converter PCB v2.1.o

.debug_macinfo
 *(.debug_macinfo)
OUTPUT(N64 Stick Converter PCB v2.1.elf elf32-avr)
LOAD linker stubs

.debug_pubtypes
                0x00000000       0x44
 .debug_pubtypes
                0x00000000       0x44 N64 Stick Converter PCB v2.1.o

.debug_ranges   0x00000000       0xd8
 .debug_ranges  0x00000000       0xd8 N64 Stick Converter PCB v2.1.o
